#
# There is insufficient memory for the Java Runtime Environment to continue.
# Native memory allocation (mmap) failed to map 18874368 bytes for G1 virtual space
# Possible reasons:
#   The system is out of physical RAM or swap space
#   The process is running with CompressedOops enabled, and the Java Heap may be blocking the growth of the native heap
# Possible solutions:
#   Reduce memory load on the system
#   Increase physical memory or swap space
#   Check if swap backing store is full
#   Decrease Java heap size (-Xmx/-Xms)
#   Decrease number of Java threads
#   Decrease Java thread stack sizes (-Xss)
#   Set larger code cache with -XX:ReservedCodeCacheSize=
#   JVM is running with Unscaled Compressed Oops mode in which the Java heap is
#     placed in the first 4GB address space. The Java Heap base address is the
#     maximum limit for the native heap growth. Please use -XX:HeapBaseMinAddress
#     to set the Java Heap base and to place the Java Heap above 4GB virtual address.
# This output file may be truncated or incomplete.
#
#  Out of Memory Error (os_windows.cpp:3825), pid=3256, tid=6328
#
# JRE version: OpenJDK Runtime Environment JBR-17.0.9+8-1166.2-nomod (17.0.9+8) (build 17.0.9+8-b1166.2)
# Java VM: OpenJDK 64-Bit Server VM JBR-17.0.9+8-1166.2-nomod (17.0.9+8-b1166.2, mixed mode, emulated-client, tiered, compressed oops, compressed class ptrs, g1 gc, windows-amd64)
# No core dump will be written. Minidumps are not enabled by default on client versions of Windows
#

---------------  S U M M A R Y ------------

Command Line: -XX:TieredStopAtLevel=1 -Dspring.output.ansi.enabled=always -Dcom.sun.management.jmxremote -Dspring.jmx.enabled=true -Dspring.liveBeansView.mbeanDomain -Dspring.application.admin.enabled=true -Dmanagement.endpoints.jmx.exposure.include=* -javaagent:C:\Program Files\JetBrains\IntelliJ IDEA 2023.3.3\lib\idea_rt.jar=52042:C:\Program Files\JetBrains\IntelliJ IDEA 2023.3.3\bin -Dfile.encoding=UTF-8 tn.esprit.menu_plat.MenuPlatApplication

Host: Intel(R) Core(TM) i5-9300H CPU @ 2.40GHz, 8 cores, 7G,  Windows 11 , 64 bit Build 26100 (10.0.26100.7019)
Time: Tue Nov 11 23:18:16 2025 Paris, Madrid elapsed time: 25.100657 seconds (0d 0h 0m 25s)

---------------  T H R E A D  ---------------

Current thread (0x000002ce7fac0b00):  VMThread "VM Thread" [stack: 0x000000f1f6300000,0x000000f1f6400000] [id=6328]

Stack: [0x000000f1f6300000,0x000000f1f6400000]
Native frames: (J=compiled Java code, j=interpreted, Vv=VM code, C=native code)
V  [jvm.dll+0x688349]
V  [jvm.dll+0x841bfa]
V  [jvm.dll+0x84383e]
V  [jvm.dll+0x843ea3]
V  [jvm.dll+0x24bdef]
V  [jvm.dll+0x6850f9]
V  [jvm.dll+0x67988a]
V  [jvm.dll+0x30cbfb]
V  [jvm.dll+0x3140a6]
V  [jvm.dll+0x363ede]
V  [jvm.dll+0x36410f]
V  [jvm.dll+0x2e29c8]
V  [jvm.dll+0x2e0ba4]
V  [jvm.dll+0x2e01ac]
V  [jvm.dll+0x32507b]
V  [jvm.dll+0x84859b]
V  [jvm.dll+0x8492e1]
V  [jvm.dll+0x8497fd]
V  [jvm.dll+0x849bd4]
V  [jvm.dll+0x849ca0]
V  [jvm.dll+0x7f043a]
V  [jvm.dll+0x6871c5]
C  [ucrtbase.dll+0x37b0]
C  [KERNEL32.DLL+0x2e8d7]
C  [ntdll.dll+0x8c53c]

VM_Operation (0x000000f1f5dfd7d0): G1CollectForAllocation, mode: safepoint, requested by thread 0x000002ce71443c20


---------------  P R O C E S S  ---------------

Threads class SMR info:
_java_thread_list=0x000002ce06d00f40, length=24, elements={
0x000002ce71443c20, 0x000002ce7fac1210, 0x000002ce7fac4580, 0x000002ce7fc47140,
0x000002ce7fc49b20, 0x000002ce7fc4b050, 0x000002ce7fc4ed30, 0x000002ce7fc4f7a0,
0x000002ce7fc531a0, 0x000002ce7fe695e0, 0x000002ce046280b0, 0x000002ce04628590,
0x000002ce047ec660, 0x000002ce051407a0, 0x000002ce0513fd80, 0x000002ce051420f0,
0x000002ce05140290, 0x000002ce05140cb0, 0x000002ce051411c0, 0x000002ce05141be0,
0x000002ce05142600, 0x000002ce05143020, 0x000002ce0b169130, 0x000002ce051416d0
}

Java Threads: ( => current thread )
  0x000002ce71443c20 JavaThread "main" [_thread_blocked, id=28612, stack(0x000000f1f5d00000,0x000000f1f5e00000)]
  0x000002ce7fac1210 JavaThread "Reference Handler" daemon [_thread_blocked, id=30648, stack(0x000000f1f6400000,0x000000f1f6500000)]
  0x000002ce7fac4580 JavaThread "Finalizer" daemon [_thread_blocked, id=31468, stack(0x000000f1f6500000,0x000000f1f6600000)]
  0x000002ce7fc47140 JavaThread "Signal Dispatcher" daemon [_thread_blocked, id=13960, stack(0x000000f1f6600000,0x000000f1f6700000)]
  0x000002ce7fc49b20 JavaThread "Attach Listener" daemon [_thread_blocked, id=17440, stack(0x000000f1f6700000,0x000000f1f6800000)]
  0x000002ce7fc4b050 JavaThread "Service Thread" daemon [_thread_blocked, id=10780, stack(0x000000f1f6800000,0x000000f1f6900000)]
  0x000002ce7fc4ed30 JavaThread "Monitor Deflation Thread" daemon [_thread_blocked, id=10452, stack(0x000000f1f6900000,0x000000f1f6a00000)]
  0x000002ce7fc4f7a0 JavaThread "C1 CompilerThread0" daemon [_thread_blocked, id=18476, stack(0x000000f1f6a00000,0x000000f1f6b00000)]
  0x000002ce7fc531a0 JavaThread "Sweeper thread" daemon [_thread_blocked, id=33044, stack(0x000000f1f6b00000,0x000000f1f6c00000)]
  0x000002ce7fe695e0 JavaThread "Common-Cleaner" daemon [_thread_blocked, id=33796, stack(0x000000f1f6c00000,0x000000f1f6d00000)]
  0x000002ce046280b0 JavaThread "Monitor Ctrl-Break" daemon [_thread_in_native, id=30320, stack(0x000000f1f6e00000,0x000000f1f6f00000)]
  0x000002ce04628590 JavaThread "Notification Thread" daemon [_thread_blocked, id=11596, stack(0x000000f1f6f00000,0x000000f1f7000000)]
  0x000002ce047ec660 JavaThread "RMI TCP Accept-0" daemon [_thread_in_native, id=32284, stack(0x000000f1f7100000,0x000000f1f7200000)]
  0x000002ce051407a0 JavaThread "Keep-Alive-Timer" daemon [_thread_blocked, id=25960, stack(0x000000f1f7c00000,0x000000f1f7d00000)]
  0x000002ce0513fd80 JavaThread "Catalina-utility-1" [_thread_blocked, id=1332, stack(0x000000f1f7f00000,0x000000f1f8000000)]
  0x000002ce051420f0 JavaThread "Catalina-utility-2" [_thread_blocked, id=2264, stack(0x000000f1f8000000,0x000000f1f8100000)]
  0x000002ce05140290 JavaThread "container-0" [_thread_blocked, id=14744, stack(0x000000f1f8100000,0x000000f1f8200000)]
  0x000002ce05140cb0 JavaThread "MVStore background writer C:/Users/khali/IdeaProjects/Micro-serv/FoodJoyMaster/islem/FoodJoy/Menu_PlatMS/Database/Data/Menu.mv.db" daemon [_thread_blocked, id=25512, stack(0x000000f1f7e00000,0x000000f1f7f00000)]
  0x000002ce051411c0 JavaThread "HikariPool-1:housekeeper" daemon [_thread_blocked, id=13192, stack(0x000000f1f8200000,0x000000f1f8300000)]
  0x000002ce05141be0 JavaThread "H2-serialization" daemon [_thread_blocked, id=25636, stack(0x000000f1f8400000,0x000000f1f8500000)]
  0x000002ce05142600 JavaThread "H2-save" daemon [_thread_blocked, id=11376, stack(0x000000f1f8500000,0x000000f1f8600000)]
  0x000002ce05143020 JavaThread "spring.cloud.inetutils" daemon [_thread_blocked, id=34580, stack(0x000000f1f8600000,0x000000f1f8700000)]
  0x000002ce0b169130 JavaThread "C1 CompilerThread1" daemon [_thread_blocked, id=20244, stack(0x000000f1f6d00000,0x000000f1f6e00000)]
  0x000002ce051416d0 JavaThread "spring.cloud.inetutils" daemon [_thread_blocked, id=13380, stack(0x000000f1f8300000,0x000000f1f8400000)]

Other Threads:
=>0x000002ce7fac0b00 VMThread "VM Thread" [stack: 0x000000f1f6300000,0x000000f1f6400000] [id=6328]
  0x000002ce04890ae0 WatcherThread [stack: 0x000000f1f7200000,0x000000f1f7300000] [id=32308]
  0x000002ce714a1590 GCTaskThread "GC Thread#0" [stack: 0x000000f1f5e00000,0x000000f1f5f00000] [id=35796]
  0x000002ce04f29000 GCTaskThread "GC Thread#1" [stack: 0x000000f1f7300000,0x000000f1f7400000] [id=35248]
  0x000002ce04d79330 GCTaskThread "GC Thread#2" [stack: 0x000000f1f7400000,0x000000f1f7500000] [id=20028]
  0x000002ce04fea840 GCTaskThread "GC Thread#3" [stack: 0x000000f1f7500000,0x000000f1f7600000] [id=18980]
  0x000002ce04feab00 GCTaskThread "GC Thread#4" [stack: 0x000000f1f7600000,0x000000f1f7700000] [id=21152]
  0x000002ce04feadc0 GCTaskThread "GC Thread#5" [stack: 0x000000f1f7700000,0x000000f1f7800000] [id=31552]
  0x000002ce04ff3090 GCTaskThread "GC Thread#6" [stack: 0x000000f1f7800000,0x000000f1f7900000] [id=18684]
  0x000002ce04fd54e0 GCTaskThread "GC Thread#7" [stack: 0x000000f1f7900000,0x000000f1f7a00000] [id=3628]
  0x000002ce714b2d30 ConcurrentGCThread "G1 Main Marker" [stack: 0x000000f1f5f00000,0x000000f1f6000000] [id=15660]
  0x000002ce714b4da0 ConcurrentGCThread "G1 Conc#0" [stack: 0x000000f1f6000000,0x000000f1f6100000] [id=18052]
  0x000002ce04fd5fe0 ConcurrentGCThread "G1 Conc#1" [stack: 0x000000f1f7000000,0x000000f1f7100000] [id=972]
  0x000002ce7f92fe00 ConcurrentGCThread "G1 Refine#0" [stack: 0x000000f1f6100000,0x000000f1f6200000] [id=10176]
  0x000002ce05013c90 ConcurrentGCThread "G1 Refine#1" [stack: 0x000000f1f7a00000,0x000000f1f7b00000] [id=24988]
  0x000002ce049214a0 ConcurrentGCThread "G1 Refine#2" [stack: 0x000000f1f7b00000,0x000000f1f7c00000] [id=12408]
  0x000002ce7f9304e0 ConcurrentGCThread "G1 Service" [stack: 0x000000f1f6200000,0x000000f1f6300000] [id=12856]

Threads with active compile tasks:

VM state: at safepoint (normal execution)

VM Mutex/Monitor currently owned by a thread:  ([mutex/lock_event])
[0x000002ce6f991440] Threads_lock - owner thread: 0x000002ce7fac0b00
[0x000002ce71440d40] Heap_lock - owner thread: 0x000002ce71443c20

Heap address: 0x0000000082400000, size: 2012 MB, Compressed Oops mode: 32-bit

CDS archive(s) not mapped
Compressed class space mapped at: 0x0000000100000000-0x0000000140000000, reserved size: 1073741824
Narrow klass base: 0x0000000000000000, Narrow klass shift: 3, Narrow klass range: 0x140000000

GC Precious Log:
 CPUs: 8 total, 8 available
 Memory: 8043M
 Large Page Support: Disabled
 NUMA Support: Disabled
 Compressed Oops: Enabled (32-bit)
 Heap Region Size: 1M
 Heap Min Capacity: 8M
 Heap Initial Capacity: 126M
 Heap Max Capacity: 2012M
 Pre-touch: Disabled
 Parallel Workers: 8
 Concurrent Workers: 2
 Concurrent Refinement Workers: 8
 Periodic GC: Disabled

Heap:
 garbage-first heap   total 95232K, used 53768K [0x0000000082400000, 0x0000000100000000)
  region size 1024K, 4 young (4096K), 4 survivors (4096K)
 Metaspace       used 92697K, committed 93312K, reserved 1179648K
  class space    used 13169K, committed 13440K, reserved 1048576K

Heap Regions: E=young(eden), S=young(survivor), O=old, HS=humongous(starts), HC=humongous(continues), CS=collection set, F=free, OA=open archive, CA=closed archive, TAMS=top-at-mark-start (previous, next)
|   0|0x0000000082400000, 0x0000000082500000, 0x0000000082500000|100%|HS|  |TAMS 0x0000000082500000, 0x0000000082500000| Complete 
|   1|0x0000000082500000, 0x0000000082600000, 0x0000000082600000|100%|HS|  |TAMS 0x0000000082600000, 0x0000000082600000| Complete 
|   2|0x0000000082600000, 0x0000000082700000, 0x0000000082700000|100%|HS|  |TAMS 0x0000000082700000, 0x0000000082700000| Complete 
|   3|0x0000000082700000, 0x0000000082800000, 0x0000000082800000|100%| O|  |TAMS 0x0000000082800000, 0x0000000082800000| Untracked 
|   4|0x0000000082800000, 0x0000000082900000, 0x0000000082900000|100%| O|  |TAMS 0x0000000082900000, 0x0000000082900000| Untracked 
|   5|0x0000000082900000, 0x0000000082a00000, 0x0000000082a00000|100%| O|  |TAMS 0x0000000082a00000, 0x0000000082a00000| Untracked 
|   6|0x0000000082a00000, 0x0000000082b00000, 0x0000000082b00000|100%| O|  |TAMS 0x0000000082b00000, 0x0000000082b00000| Untracked 
|   7|0x0000000082b00000, 0x0000000082c00000, 0x0000000082c00000|100%| O|  |TAMS 0x0000000082c00000, 0x0000000082c00000| Untracked 
|   8|0x0000000082c00000, 0x0000000082c00000, 0x0000000082d00000|  0%| F|  |TAMS 0x0000000082c00000, 0x0000000082c00000| Untracked 
|   9|0x0000000082d00000, 0x0000000082e00000, 0x0000000082e00000|100%| O|  |TAMS 0x0000000082e00000, 0x0000000082e00000| Untracked 
|  10|0x0000000082e00000, 0x0000000082f00000, 0x0000000082f00000|100%| O|  |TAMS 0x0000000082f00000, 0x0000000082f00000| Untracked 
|  11|0x0000000082f00000, 0x0000000083000000, 0x0000000083000000|100%| O|  |TAMS 0x0000000082f00000, 0x0000000083000000| Untracked 
|  12|0x0000000083000000, 0x0000000083100000, 0x0000000083100000|100%| O|  |TAMS 0x0000000083100000, 0x0000000083100000| Untracked 
|  13|0x0000000083100000, 0x0000000083200000, 0x0000000083200000|100%| O|  |TAMS 0x0000000083200000, 0x0000000083200000| Untracked 
|  14|0x0000000083200000, 0x0000000083300000, 0x0000000083300000|100%| O|  |TAMS 0x0000000083300000, 0x0000000083300000| Untracked 
|  15|0x0000000083300000, 0x0000000083400000, 0x0000000083400000|100%| O|  |TAMS 0x0000000083400000, 0x0000000083400000| Untracked 
|  16|0x0000000083400000, 0x0000000083500000, 0x0000000083500000|100%| O|  |TAMS 0x0000000083500000, 0x0000000083500000| Untracked 
|  17|0x0000000083500000, 0x0000000083600000, 0x0000000083600000|100%| O|  |TAMS 0x0000000083600000, 0x0000000083600000| Untracked 
|  18|0x0000000083600000, 0x0000000083700000, 0x0000000083700000|100%| O|  |TAMS 0x0000000083700000, 0x0000000083700000| Untracked 
|  19|0x0000000083700000, 0x0000000083800000, 0x0000000083800000|100%| O|  |TAMS 0x0000000083800000, 0x0000000083800000| Untracked 
|  20|0x0000000083800000, 0x0000000083900000, 0x0000000083900000|100%| O|  |TAMS 0x0000000083900000, 0x0000000083900000| Untracked 
|  21|0x0000000083900000, 0x0000000083a00000, 0x0000000083a00000|100%| O|  |TAMS 0x0000000083a00000, 0x0000000083a00000| Untracked 
|  22|0x0000000083a00000, 0x0000000083b00000, 0x0000000083b00000|100%| O|  |TAMS 0x0000000083b00000, 0x0000000083b00000| Untracked 
|  23|0x0000000083b00000, 0x0000000083c00000, 0x0000000083c00000|100%| O|  |TAMS 0x0000000083c00000, 0x0000000083c00000| Untracked 
|  24|0x0000000083c00000, 0x0000000083d00000, 0x0000000083d00000|100%| O|  |TAMS 0x0000000083d00000, 0x0000000083d00000| Untracked 
|  25|0x0000000083d00000, 0x0000000083e00000, 0x0000000083e00000|100%| O|  |TAMS 0x0000000083e00000, 0x0000000083e00000| Untracked 
|  26|0x0000000083e00000, 0x0000000083f00000, 0x0000000083f00000|100%| O|  |TAMS 0x0000000083f00000, 0x0000000083f00000| Untracked 
|  27|0x0000000083f00000, 0x0000000084000000, 0x0000000084000000|100%| O|  |TAMS 0x0000000084000000, 0x0000000084000000| Untracked 
|  28|0x0000000084000000, 0x0000000084100000, 0x0000000084100000|100%| O|  |TAMS 0x0000000084100000, 0x0000000084100000| Untracked 
|  29|0x0000000084100000, 0x0000000084200000, 0x0000000084200000|100%| O|  |TAMS 0x0000000084200000, 0x0000000084200000| Untracked 
|  30|0x0000000084200000, 0x0000000084300000, 0x0000000084300000|100%| O|  |TAMS 0x0000000084300000, 0x0000000084300000| Untracked 
|  31|0x0000000084300000, 0x0000000084400000, 0x0000000084400000|100%| O|  |TAMS 0x0000000084400000, 0x0000000084400000| Untracked 
|  32|0x0000000084400000, 0x0000000084500000, 0x0000000084500000|100%| O|  |TAMS 0x0000000084500000, 0x0000000084500000| Untracked 
|  33|0x0000000084500000, 0x0000000084600000, 0x0000000084600000|100%|HS|  |TAMS 0x0000000084600000, 0x0000000084600000| Complete 
|  34|0x0000000084600000, 0x0000000084700000, 0x0000000084700000|100%|HC|  |TAMS 0x0000000084700000, 0x0000000084700000| Complete 
|  35|0x0000000084700000, 0x0000000084800000, 0x0000000084800000|100%| O|  |TAMS 0x0000000084800000, 0x0000000084800000| Untracked 
|  36|0x0000000084800000, 0x0000000084900000, 0x0000000084900000|100%| O|  |TAMS 0x0000000084900000, 0x0000000084900000| Untracked 
|  37|0x0000000084900000, 0x0000000084a00000, 0x0000000084a00000|100%| O|  |TAMS 0x0000000084a00000, 0x0000000084a00000| Untracked 
|  38|0x0000000084a00000, 0x0000000084b00000, 0x0000000084b00000|100%| O|  |TAMS 0x0000000084b00000, 0x0000000084b00000| Untracked 
|  39|0x0000000084b00000, 0x0000000084c00000, 0x0000000084c00000|100%| O|  |TAMS 0x0000000084c00000, 0x0000000084c00000| Untracked 
|  40|0x0000000084c00000, 0x0000000084d00000, 0x0000000084d00000|100%| O|  |TAMS 0x0000000084d00000, 0x0000000084d00000| Untracked 
|  41|0x0000000084d00000, 0x0000000084e00000, 0x0000000084e00000|100%| O|  |TAMS 0x0000000084e00000, 0x0000000084e00000| Untracked 
|  42|0x0000000084e00000, 0x0000000084f00000, 0x0000000084f00000|100%| O|  |TAMS 0x0000000084f00000, 0x0000000084f00000| Untracked 
|  43|0x0000000084f00000, 0x0000000085000000, 0x0000000085000000|100%| O|  |TAMS 0x0000000085000000, 0x0000000085000000| Untracked 
|  44|0x0000000085000000, 0x0000000085100000, 0x0000000085100000|100%| O|  |TAMS 0x0000000085071c00, 0x0000000085100000| Untracked 
|  45|0x0000000085100000, 0x0000000085200000, 0x0000000085200000|100%| O|  |TAMS 0x0000000085100000, 0x0000000085200000| Untracked 
|  46|0x0000000085200000, 0x0000000085300000, 0x0000000085300000|100%| O|  |TAMS 0x0000000085200000, 0x0000000085300000| Untracked 
|  47|0x0000000085300000, 0x0000000085400000, 0x0000000085400000|100%| O|  |TAMS 0x0000000085300000, 0x0000000085400000| Untracked 
|  48|0x0000000085400000, 0x0000000085500000, 0x0000000085500000|100%| O|  |TAMS 0x0000000085400000, 0x0000000085500000| Untracked 
|  49|0x0000000085500000, 0x0000000085600000, 0x0000000085600000|100%| O|  |TAMS 0x0000000085500000, 0x0000000085600000| Untracked 
|  50|0x0000000085600000, 0x0000000085673800, 0x0000000085700000| 45%| O|  |TAMS 0x0000000085600000, 0x0000000085673800| Untracked 
|  51|0x0000000085700000, 0x0000000085700000, 0x0000000085800000|  0%| F|  |TAMS 0x0000000085700000, 0x0000000085700000| Untracked 
|  52|0x0000000085800000, 0x0000000085800000, 0x0000000085900000|  0%| F|  |TAMS 0x0000000085800000, 0x0000000085800000| Untracked 
|  53|0x0000000085900000, 0x0000000085900000, 0x0000000085a00000|  0%| F|  |TAMS 0x0000000085900000, 0x0000000085900000| Untracked 
|  54|0x0000000085a00000, 0x0000000085a00000, 0x0000000085b00000|  0%| F|  |TAMS 0x0000000085a00000, 0x0000000085a00000| Untracked 
|  55|0x0000000085b00000, 0x0000000085b00000, 0x0000000085c00000|  0%| F|  |TAMS 0x0000000085b00000, 0x0000000085b00000| Untracked 
|  56|0x0000000085c00000, 0x0000000085c00000, 0x0000000085d00000|  0%| F|  |TAMS 0x0000000085c00000, 0x0000000085c00000| Untracked 
|  57|0x0000000085d00000, 0x0000000085d00000, 0x0000000085e00000|  0%| F|  |TAMS 0x0000000085d00000, 0x0000000085d00000| Untracked 
|  58|0x0000000085e00000, 0x0000000085e00000, 0x0000000085f00000|  0%| F|  |TAMS 0x0000000085e00000, 0x0000000085e00000| Untracked 
|  59|0x0000000085f00000, 0x0000000085f00000, 0x0000000086000000|  0%| F|  |TAMS 0x0000000085f00000, 0x0000000085f00000| Untracked 
|  60|0x0000000086000000, 0x0000000086000000, 0x0000000086100000|  0%| F|  |TAMS 0x0000000086000000, 0x0000000086000000| Untracked 
|  61|0x0000000086100000, 0x0000000086100000, 0x0000000086200000|  0%| F|  |TAMS 0x0000000086100000, 0x0000000086100000| Untracked 
|  62|0x0000000086200000, 0x0000000086200000, 0x0000000086300000|  0%| F|  |TAMS 0x0000000086200000, 0x0000000086200000| Untracked 
|  63|0x0000000086300000, 0x000000008630e820, 0x0000000086400000|  5%| S|CS|TAMS 0x0000000086300000, 0x0000000086300000| Complete 
|  64|0x0000000086400000, 0x0000000086500000, 0x0000000086500000|100%| S|CS|TAMS 0x0000000086400000, 0x0000000086400000| Complete 
|  65|0x0000000086500000, 0x0000000086600000, 0x0000000086600000|100%| S|CS|TAMS 0x0000000086500000, 0x0000000086500000| Complete 
|  66|0x0000000086600000, 0x0000000086700000, 0x0000000086700000|100%| S|CS|TAMS 0x0000000086600000, 0x0000000086600000| Complete 
|  67|0x0000000086700000, 0x0000000086700000, 0x0000000086800000|  0%| F|  |TAMS 0x0000000086700000, 0x0000000086700000| Untracked 
|  68|0x0000000086800000, 0x0000000086800000, 0x0000000086900000|  0%| F|  |TAMS 0x0000000086800000, 0x0000000086800000| Untracked 
|  69|0x0000000086900000, 0x0000000086900000, 0x0000000086a00000|  0%| F|  |TAMS 0x0000000086900000, 0x0000000086900000| Untracked 
|  70|0x0000000086a00000, 0x0000000086a00000, 0x0000000086b00000|  0%| F|  |TAMS 0x0000000086a00000, 0x0000000086a00000| Untracked 
|  71|0x0000000086b00000, 0x0000000086b00000, 0x0000000086c00000|  0%| F|  |TAMS 0x0000000086b00000, 0x0000000086b00000| Untracked 
|  72|0x0000000086c00000, 0x0000000086c00000, 0x0000000086d00000|  0%| F|  |TAMS 0x0000000086c00000, 0x0000000086c00000| Untracked 
|  73|0x0000000086d00000, 0x0000000086d00000, 0x0000000086e00000|  0%| F|  |TAMS 0x0000000086d00000, 0x0000000086d00000| Untracked 
|  74|0x0000000086e00000, 0x0000000086e00000, 0x0000000086f00000|  0%| F|  |TAMS 0x0000000086e00000, 0x0000000086e00000| Untracked 
|  75|0x0000000086f00000, 0x0000000086f00000, 0x0000000087000000|  0%| F|  |TAMS 0x0000000086f00000, 0x0000000086f00000| Untracked 
|  76|0x0000000087000000, 0x0000000087000000, 0x0000000087100000|  0%| F|  |TAMS 0x0000000087000000, 0x0000000087000000| Untracked 
|  77|0x0000000087100000, 0x0000000087100000, 0x0000000087200000|  0%| F|  |TAMS 0x0000000087100000, 0x0000000087100000| Untracked 
|  78|0x0000000087200000, 0x0000000087200000, 0x0000000087300000|  0%| F|  |TAMS 0x0000000087200000, 0x0000000087200000| Untracked 
|  79|0x0000000087300000, 0x0000000087300000, 0x0000000087400000|  0%| F|  |TAMS 0x0000000087300000, 0x0000000087300000| Untracked 
|  80|0x0000000087400000, 0x0000000087400000, 0x0000000087500000|  0%| F|  |TAMS 0x0000000087400000, 0x0000000087400000| Untracked 
|  81|0x0000000087500000, 0x0000000087500000, 0x0000000087600000|  0%| F|  |TAMS 0x0000000087500000, 0x0000000087500000| Untracked 
|  82|0x0000000087600000, 0x0000000087600000, 0x0000000087700000|  0%| F|  |TAMS 0x0000000087600000, 0x0000000087600000| Untracked 
|  83|0x0000000087700000, 0x0000000087700000, 0x0000000087800000|  0%| F|  |TAMS 0x0000000087700000, 0x0000000087700000| Untracked 
|  84|0x0000000087800000, 0x0000000087800000, 0x0000000087900000|  0%| F|  |TAMS 0x0000000087800000, 0x0000000087800000| Untracked 
|  85|0x0000000087900000, 0x0000000087900000, 0x0000000087a00000|  0%| F|  |TAMS 0x0000000087900000, 0x0000000087900000| Untracked 
|  86|0x0000000087a00000, 0x0000000087a00000, 0x0000000087b00000|  0%| F|  |TAMS 0x0000000087a00000, 0x0000000087a00000| Untracked 
|  87|0x0000000087b00000, 0x0000000087b00000, 0x0000000087c00000|  0%| F|  |TAMS 0x0000000087b00000, 0x0000000087b00000| Untracked 
|  88|0x0000000087c00000, 0x0000000087c00000, 0x0000000087d00000|  0%| F|  |TAMS 0x0000000087c00000, 0x0000000087c00000| Untracked 
|  89|0x0000000087d00000, 0x0000000087d00000, 0x0000000087e00000|  0%| F|  |TAMS 0x0000000087d00000, 0x0000000087d00000| Untracked 
| 108|0x0000000089000000, 0x0000000089000000, 0x0000000089100000|  0%| F|  |TAMS 0x0000000089000000, 0x0000000089000000| Untracked 
| 109|0x0000000089100000, 0x0000000089100000, 0x0000000089200000|  0%| F|  |TAMS 0x0000000089100000, 0x0000000089100000| Untracked 
| 125|0x000000008a100000, 0x000000008a100000, 0x000000008a200000|  0%| F|  |TAMS 0x000000008a100000, 0x000000008a100000| Untracked 

Card table byte_map: [0x000002ce788d0000,0x000002ce78cc0000] _byte_map_base: 0x000002ce784be000

Marking Bits (Prev, Next): (CMBitMap*) 0x000002ce714a1bf0, (CMBitMap*) 0x000002ce714a1bb0
 Prev Bits: [0x000002ce7b020000, 0x000002ce7cf90000)
 Next Bits: [0x000002ce790b0000, 0x000002ce7b020000)

Polling page: 0x000002ce6fbf0000

Metaspace:

Usage:
  Non-class:     77.66 MB used.
      Class:     12.86 MB used.
       Both:     90.52 MB used.

Virtual space:
  Non-class space:      128.00 MB reserved,      78.00 MB ( 61%) committed,  2 nodes.
      Class space:        1.00 GB reserved,      13.12 MB (  1%) committed,  1 nodes.
             Both:        1.12 GB reserved,      91.12 MB (  8%) committed. 

Chunk freelists:
   Non-Class:  1.14 MB
       Class:  2.82 MB
        Both:  3.96 MB

MaxMetaspaceSize: unlimited
CompressedClassSpaceSize: 1.00 GB
Initial GC threshold: 21.00 MB
Current GC threshold: 144.19 MB
CDS: off
MetaspaceReclaimPolicy: balanced
 - commit_granule_bytes: 65536.
 - commit_granule_words: 8192.
 - virtual_space_node_default_size: 8388608.
 - enlarge_chunks_in_place: 1.
 - new_chunks_are_fully_committed: 0.
 - uncommit_free_chunks: 1.
 - use_allocation_guard: 0.
 - handle_deallocations: 1.


Internal statistics:

num_allocs_failed_limit: 12.
num_arena_births: 928.
num_arena_deaths: 0.
num_vsnodes_births: 3.
num_vsnodes_deaths: 0.
num_space_committed: 1458.
num_space_uncommitted: 0.
num_chunks_returned_to_freelist: 12.
num_chunks_taken_from_freelist: 3955.
num_chunk_merges: 12.
num_chunk_splits: 2912.
num_chunks_enlarged: 2320.
num_inconsistent_stats: 0.

CodeCache: size=49152Kb used=11947Kb max_used=11947Kb free=37204Kb
 bounds [0x000002ce74c60000, 0x000002ce75840000, 0x000002ce77c60000]
 total_blobs=7063 nmethods=6336 adapters=651
 compilation: enabled
              stopped_count=0, restarted_count=0
 full_count=0

Compilation events (20 events):
Event: 23.075 Thread 0x000002ce7fc4f7a0 nmethod 6325 0x000002ce7511f910 code [0x000002ce7511fac0, 0x000002ce7511fdd8]
Event: 23.076 Thread 0x000002ce0b169130 nmethod 6327 0x000002ce7511e710 code [0x000002ce7511e960, 0x000002ce7511f388]
Event: 23.079 Thread 0x000002ce0b169130 6328       1       org.springframework.web.util.pattern.PathElement::<init> (15 bytes)
Event: 23.079 Thread 0x000002ce7fc4f7a0 6329       1       org.springframework.web.util.pattern.InternalPathPatternParser::pushPathElement (153 bytes)
Event: 23.079 Thread 0x000002ce0b169130 nmethod 6328 0x000002ce7511e410 code [0x000002ce7511e5a0, 0x000002ce7511e678]
Event: 23.080 Thread 0x000002ce7fc4f7a0 nmethod 6329 0x000002ce7511d810 code [0x000002ce7511da20, 0x000002ce7511e158]
Event: 23.081 Thread 0x000002ce0b169130 6330       1       org.springframework.util.MimeTypeUtils::parseMimeType (43 bytes)
Event: 23.082 Thread 0x000002ce7fc4f7a0 6331       1       java.util.Collections$EmptyMap::forEach (6 bytes)
Event: 23.082 Thread 0x000002ce7fc4f7a0 nmethod 6331 0x000002ce7511d490 code [0x000002ce7511d620, 0x000002ce7511d768]
Event: 23.082 Thread 0x000002ce0b169130 nmethod 6330 0x000002ce7511ce90 code [0x000002ce7511d060, 0x000002ce7511d2f8]
Event: 23.082 Thread 0x000002ce0b169130 6332   !   1       org.springframework.http.MediaType::parseMediaType (41 bytes)
Event: 23.082 Thread 0x000002ce7fc4f7a0 6333       1       org.springframework.http.MediaType::<init> (21 bytes)
Event: 23.082 Thread 0x000002ce7fc4f7a0 nmethod 6333 0x000002ce7511c990 code [0x000002ce7511cb40, 0x000002ce7511cce8]
Event: 23.082 Thread 0x000002ce7fc4f7a0 6334       1       org.springframework.util.MimeType::<init> (45 bytes)
Event: 23.082 Thread 0x000002ce0b169130 nmethod 6332 0x000002ce7511c090 code [0x000002ce7511c280, 0x000002ce7511c678]
Event: 23.082 Thread 0x000002ce0b169130 6335       1       org.springframework.http.MediaType$$Lambda$353/0x00000001003486e0::<init> (10 bytes)
Event: 23.082 Thread 0x000002ce0b169130 nmethod 6335 0x000002ce7511bd90 code [0x000002ce7511bf20, 0x000002ce7511c038]
Event: 23.082 Thread 0x000002ce7fc4f7a0 nmethod 6334 0x000002ce7511b890 code [0x000002ce7511ba40, 0x000002ce7511bcf8]
Event: 23.082 Thread 0x000002ce7fc4f7a0 6336   !   1       jdk.proxy2.$Proxy29::annotationType (29 bytes)
Event: 23.083 Thread 0x000002ce7fc4f7a0 nmethod 6336 0x000002ce7511b390 code [0x000002ce7511b540, 0x000002ce7511b758]

GC Heap History (20 events):
Event: 13.412 GC heap after
{Heap after GC invocations=14 (full 0):
 garbage-first heap   total 95232K, used 35630K [0x0000000082400000, 0x0000000100000000)
  region size 1024K, 3 young (3072K), 3 survivors (3072K)
 Metaspace       used 53272K, committed 53696K, reserved 1114112K
  class space    used 7165K, committed 7360K, reserved 1048576K
}
Event: 13.963 GC heap before
{Heap before GC invocations=14 (full 0):
 garbage-first heap   total 95232K, used 62254K [0x0000000082400000, 0x0000000100000000)
  region size 1024K, 30 young (30720K), 3 survivors (3072K)
 Metaspace       used 59891K, committed 60288K, reserved 1114112K
  class space    used 8186K, committed 8384K, reserved 1048576K
}
Event: 13.966 GC heap after
{Heap after GC invocations=15 (full 0):
 garbage-first heap   total 95232K, used 36714K [0x0000000082400000, 0x0000000100000000)
  region size 1024K, 4 young (4096K), 4 survivors (4096K)
 Metaspace       used 59891K, committed 60288K, reserved 1114112K
  class space    used 8186K, committed 8384K, reserved 1048576K
}
Event: 14.736 GC heap before
{Heap before GC invocations=16 (full 0):
 garbage-first heap   total 95232K, used 75626K [0x0000000082400000, 0x0000000100000000)
  region size 1024K, 40 young (40960K), 4 survivors (4096K)
 Metaspace       used 68556K, committed 69056K, reserved 1114112K
  class space    used 9340K, committed 9600K, reserved 1048576K
}
Event: 14.740 GC heap after
{Heap after GC invocations=17 (full 0):
 garbage-first heap   total 95232K, used 40515K [0x0000000082400000, 0x0000000100000000)
  region size 1024K, 3 young (3072K), 3 survivors (3072K)
 Metaspace       used 68556K, committed 69056K, reserved 1114112K
  class space    used 9340K, committed 9600K, reserved 1048576K
}
Event: 14.760 GC heap before
{Heap before GC invocations=17 (full 0):
 garbage-first heap   total 95232K, used 41539K [0x0000000082400000, 0x0000000100000000)
  region size 1024K, 4 young (4096K), 3 survivors (3072K)
 Metaspace       used 68763K, committed 69248K, reserved 1114112K
  class space    used 9375K, committed 9600K, reserved 1048576K
}
Event: 14.763 GC heap after
{Heap after GC invocations=18 (full 0):
 garbage-first heap   total 95232K, used 40361K [0x0000000082400000, 0x0000000100000000)
  region size 1024K, 1 young (1024K), 1 survivors (1024K)
 Metaspace       used 68763K, committed 69248K, reserved 1114112K
  class space    used 9375K, committed 9600K, reserved 1048576K
}
Event: 15.427 GC heap before
{Heap before GC invocations=18 (full 0):
 garbage-first heap   total 95232K, used 73129K [0x0000000082400000, 0x0000000100000000)
  region size 1024K, 34 young (34816K), 1 survivors (1024K)
 Metaspace       used 78065K, committed 78656K, reserved 1179648K
  class space    used 10869K, committed 11136K, reserved 1048576K
}
Event: 15.430 GC heap after
{Heap after GC invocations=19 (full 0):
 garbage-first heap   total 95232K, used 41285K [0x0000000082400000, 0x0000000100000000)
  region size 1024K, 2 young (2048K), 2 survivors (2048K)
 Metaspace       used 78065K, committed 78656K, reserved 1179648K
  class space    used 10869K, committed 11136K, reserved 1048576K
}
Event: 16.191 GC heap before
{Heap before GC invocations=20 (full 0):
 garbage-first heap   total 95232K, used 75077K [0x0000000082400000, 0x0000000100000000)
  region size 1024K, 35 young (35840K), 2 survivors (2048K)
 Metaspace       used 84591K, committed 85120K, reserved 1179648K
  class space    used 11841K, committed 12096K, reserved 1048576K
}
Event: 16.199 GC heap after
{Heap after GC invocations=21 (full 0):
 garbage-first heap   total 95232K, used 44780K [0x0000000082400000, 0x0000000100000000)
  region size 1024K, 5 young (5120K), 5 survivors (5120K)
 Metaspace       used 84591K, committed 85120K, reserved 1179648K
  class space    used 11841K, committed 12096K, reserved 1048576K
}
Event: 16.232 GC heap before
{Heap before GC invocations=21 (full 0):
 garbage-first heap   total 95232K, used 45804K [0x0000000082400000, 0x0000000100000000)
  region size 1024K, 6 young (6144K), 5 survivors (5120K)
 Metaspace       used 84727K, committed 85248K, reserved 1179648K
  class space    used 11874K, committed 12096K, reserved 1048576K
}
Event: 16.236 GC heap after
{Heap after GC invocations=22 (full 0):
 garbage-first heap   total 95232K, used 45241K [0x0000000082400000, 0x0000000100000000)
  region size 1024K, 1 young (1024K), 1 survivors (1024K)
 Metaspace       used 84727K, committed 85248K, reserved 1179648K
  class space    used 11874K, committed 12096K, reserved 1048576K
}
Event: 17.314 GC heap before
{Heap before GC invocations=22 (full 0):
 garbage-first heap   total 95232K, used 76985K [0x0000000082400000, 0x0000000100000000)
  region size 1024K, 32 young (32768K), 1 survivors (1024K)
 Metaspace       used 87842K, committed 88448K, reserved 1179648K
  class space    used 12392K, committed 12672K, reserved 1048576K
}
Event: 17.318 GC heap after
{Heap after GC invocations=23 (full 0):
 garbage-first heap   total 95232K, used 47955K [0x0000000082400000, 0x0000000100000000)
  region size 1024K, 4 young (4096K), 4 survivors (4096K)
 Metaspace       used 87842K, committed 88448K, reserved 1179648K
  class space    used 12392K, committed 12672K, reserved 1048576K
}
Event: 19.505 GC heap before
{Heap before GC invocations=24 (full 0):
 garbage-first heap   total 95232K, used 76627K [0x0000000082400000, 0x0000000100000000)
  region size 1024K, 32 young (32768K), 4 survivors (4096K)
 Metaspace       used 90617K, committed 91264K, reserved 1179648K
  class space    used 12806K, committed 13120K, reserved 1048576K
}
Event: 19.513 GC heap after
{Heap after GC invocations=25 (full 0):
 garbage-first heap   total 95232K, used 51053K [0x0000000082400000, 0x0000000100000000)
  region size 1024K, 4 young (4096K), 4 survivors (4096K)
 Metaspace       used 90617K, committed 91264K, reserved 1179648K
  class space    used 12806K, committed 13120K, reserved 1048576K
}
Event: 19.559 GC heap before
{Heap before GC invocations=25 (full 0):
 garbage-first heap   total 95232K, used 52077K [0x0000000082400000, 0x0000000100000000)
  region size 1024K, 5 young (5120K), 4 survivors (4096K)
 Metaspace       used 90693K, committed 91328K, reserved 1179648K
  class space    used 12819K, committed 13120K, reserved 1048576K
}
Event: 19.564 GC heap after
{Heap after GC invocations=26 (full 0):
 garbage-first heap   total 95232K, used 51193K [0x0000000082400000, 0x0000000100000000)
  region size 1024K, 1 young (1024K), 1 survivors (1024K)
 Metaspace       used 90693K, committed 91328K, reserved 1179648K
  class space    used 12819K, committed 13120K, reserved 1048576K
}
Event: 23.085 GC heap before
{Heap before GC invocations=26 (full 0):
 garbage-first heap   total 95232K, used 76793K [0x0000000082400000, 0x0000000100000000)
  region size 1024K, 26 young (26624K), 1 survivors (1024K)
 Metaspace       used 92697K, committed 93312K, reserved 1179648K
  class space    used 13169K, committed 13440K, reserved 1048576K
}

Dll operation events (3 events):
Event: 0.018 Loaded shared library C:\Users\khali\.jdks\jbr-17.0.9\bin\java.dll
Event: 0.085 Loaded shared library C:\Users\khali\.jdks\jbr-17.0.9\bin\jsvml.dll
Event: 0.485 Loaded shared library C:\Users\khali\.jdks\jbr-17.0.9\bin\zip.dll

Deoptimization events (12 events):
Event: 7.211 Thread 0x000002ce71443c20 DEOPT PACKING pc=0x000002ce74e71a0c sp=0x000000f1f5dfded0
Event: 7.211 Thread 0x000002ce71443c20 DEOPT UNPACKING pc=0x000002ce74cb7143 sp=0x000000f1f5dfd398 mode 0
Event: 9.622 Thread 0x000002ce71443c20 DEOPT PACKING pc=0x000002ce750aa219 sp=0x000000f1f5dfd630
Event: 9.622 Thread 0x000002ce71443c20 DEOPT UNPACKING pc=0x000002ce74cb7143 sp=0x000000f1f5dfcb10 mode 3
Event: 9.815 Thread 0x000002ce71443c20 DEOPT PACKING pc=0x000002ce751fe7d5 sp=0x000000f1f5dfdb00
Event: 9.815 Thread 0x000002ce71443c20 DEOPT UNPACKING pc=0x000002ce74cb7143 sp=0x000000f1f5dfcfa8 mode 3
Event: 13.013 Thread 0x000002ce71443c20 DEOPT PACKING pc=0x000002ce75484419 sp=0x000000f1f5dfab90
Event: 13.013 Thread 0x000002ce71443c20 DEOPT UNPACKING pc=0x000002ce74cb7143 sp=0x000000f1f5dfa070 mode 3
Event: 13.115 Thread 0x000002ce71443c20 DEOPT PACKING pc=0x000002ce751c2481 sp=0x000000f1f5dfeb00
Event: 13.115 Thread 0x000002ce71443c20 DEOPT UNPACKING pc=0x000002ce74cb7143 sp=0x000000f1f5dfdf90 mode 3
Event: 13.115 Thread 0x000002ce0513fd80 DEOPT PACKING pc=0x000002ce74f63a17 sp=0x000000f1f7ffeda0
Event: 13.115 Thread 0x000002ce0513fd80 DEOPT UNPACKING pc=0x000002ce74cb7143 sp=0x000000f1f7ffe1f8 mode 3

Classes unloaded (0 events):
No events

Classes redefined (0 events):
No events

Internal exceptions (20 events):
Event: 15.991 Thread 0x000002ce71443c20 Exception <a 'java/lang/NoSuchMethodError'{0x0000000086793978}: 'int java.lang.invoke.DirectMethodHandle$Holder.invokeStaticInit(java.lang.Object, java.lang.Object, java.lang.Object, java.lang.Object)'> (0x0000000086793978) 
thrown [s\src\hotspot\share\interpreter\linkResolver.cpp, line 771]
Event: 16.155 Thread 0x000002ce71443c20 Exception <a 'java/lang/IncompatibleClassChangeError'{0x000000008618ef68}: Found class java.lang.Object, but interface was expected> (0x000000008618ef68) 
thrown [s\src\hotspot\share\interpreter\linkResolver.cpp, line 838]
Event: 16.155 Thread 0x000002ce71443c20 Exception <a 'java/lang/IncompatibleClassChangeError'{0x00000000861956d8}: Found class java.lang.Object, but interface was expected> (0x00000000861956d8) 
thrown [s\src\hotspot\share\interpreter\linkResolver.cpp, line 838]
Event: 16.156 Thread 0x000002ce71443c20 Exception <a 'java/lang/IncompatibleClassChangeError'{0x000000008619bad8}: Found class java.lang.Object, but interface was expected> (0x000000008619bad8) 
thrown [s\src\hotspot\share\interpreter\linkResolver.cpp, line 838]
Event: 16.212 Thread 0x000002ce71443c20 Exception <a 'java/lang/NoSuchMethodError'{0x000000008a148590}: 'double java.lang.invoke.DirectMethodHandle$Holder.invokeVirtual(java.lang.Object, java.lang.Object)'> (0x000000008a148590) 
thrown [s\src\hotspot\share\interpreter\linkResolver.cpp, line 771]
Event: 16.513 Thread 0x000002ce71443c20 Exception <a 'java/lang/IncompatibleClassChangeError'{0x0000000087487980}: Found class java.lang.Object, but interface was expected> (0x0000000087487980) 
thrown [s\src\hotspot\share\interpreter\linkResolver.cpp, line 838]
Event: 16.550 Thread 0x000002ce71443c20 Exception <a 'sun/nio/fs/WindowsException'{0x00000000873771b0}> (0x00000000873771b0) 
thrown [s\src\hotspot\share\prims\jni.cpp, line 517]
Event: 16.630 Thread 0x000002ce71443c20 Exception <a 'sun/nio/fs/WindowsException'{0x0000000086e33130}> (0x0000000086e33130) 
thrown [s\src\hotspot\share\prims\jni.cpp, line 517]
Event: 16.650 Thread 0x000002ce71443c20 Exception <a 'java/lang/NoSuchMethodError'{0x0000000086ede8a8}: 'java.lang.Object java.lang.invoke.DirectMethodHandle$Holder.invokeVirtual(java.lang.Object, java.lang.Object, int)'> (0x0000000086ede8a8) 
thrown [s\src\hotspot\share\interpreter\linkResolver.cpp, line 771]
Event: 16.775 Thread 0x000002ce71443c20 Exception <a 'java/lang/reflect/InvocationTargetException'{0x0000000086bf8220}> (0x0000000086bf8220) 
thrown [s\src\hotspot\share\runtime\reflection.cpp, line 1127]
Event: 16.776 Thread 0x000002ce71443c20 Exception <a 'java/lang/reflect/InvocationTargetException'{0x0000000086bff6e0}> (0x0000000086bff6e0) 
thrown [s\src\hotspot\share\runtime\reflection.cpp, line 1127]
Event: 17.395 Thread 0x000002ce71443c20 Exception <a 'java/lang/IncompatibleClassChangeError'{0x0000000089122020}: Found class java.lang.Object, but interface was expected> (0x0000000089122020) 
thrown [s\src\hotspot\share\interpreter\linkResolver.cpp, line 838]
Event: 17.697 Thread 0x000002ce71443c20 Exception <a 'java/lang/NoSuchMethodError'{0x00000000874a87e8}: 'int java.lang.invoke.DirectMethodHandle$Holder.invokeStatic(java.lang.Object, java.lang.Object, int)'> (0x00000000874a87e8) 
thrown [s\src\hotspot\share\interpreter\linkResolver.cpp, line 771]
Event: 17.829 Thread 0x000002ce71443c20 Exception <a 'java/lang/IncompatibleClassChangeError'{0x0000000086ef4900}: Found class java.lang.Object, but interface was expected> (0x0000000086ef4900) 
thrown [s\src\hotspot\share\interpreter\linkResolver.cpp, line 838]
Event: 17.854 Thread 0x000002ce71443c20 Exception <a 'java/lang/NoSuchMethodError'{0x0000000086df47d0}: 'java.lang.Object java.lang.invoke.DirectMethodHandle$Holder.newInvokeSpecial(java.lang.Object, java.lang.Object, java.lang.Object, java.lang.Object, java.lang.Object, java.lang.Object, java.lang.Object, java.lang.Object, java.lang.Object)'> (0x0000000086df47d0) 
thrown [s\src\hotspot\share\interpreter\linkResolver.cpp, line 771]
Event: 17.854 Thread 0x000002ce71443c20 Exception <a 'java/lang/NoSuchMethodError'{0x0000000086df94c8}: 'java.lang.Object java.lang.invoke.Invokers$Holder.linkToTargetMethod(java.lang.Object, java.lang.Object, java.lang.Object, java.lang.Object, java.lang.Object, java.lang.Object, java.lang.Object, java.lang.Object, java.lang.Object)'> (0x0000000086df94c8) 
thrown [s\src\hotspot\share\interpreter\linkResolver.cpp, line 771]
Event: 19.813 Thread 0x000002ce71443c20 Exception <a 'java/lang/NoSuchMethodError'{0x00000000879eab90}: 'double java.lang.invoke.DirectMethodHandle$Holder.invokeStatic(java.lang.Object, java.lang.Object)'> (0x00000000879eab90) 
thrown [s\src\hotspot\share\interpreter\linkResolver.cpp, line 771]
Event: 19.950 Thread 0x000002ce71443c20 Exception <a 'java/lang/NoSuchMethodError'{0x00000000875b4cd8}: 'java.lang.Object java.lang.invoke.DirectMethodHandle$Holder.invokeSpecial(java.lang.Object, java.lang.Object, java.lang.Object, java.lang.Object, java.lang.Object, java.lang.Object, java.lang.Object, java.lang.Object, java.lang.Object, java.lang.Object, java.lang.Object)'> (0x00000000875b4cd8) 
thrown [s\src\hotspot\share\interpreter\linkResolver.cpp, line 771]
Event: 19.952 Thread 0x000002ce71443c20 Exception <a 'java/lang/NoSuchMethodError'{0x00000000875b9108}: 'java.lang.Object java.lang.invoke.Invokers$Holder.invoke_MT(java.lang.Object, java.lang.Object, java.lang.Object, java.lang.Object, java.lang.Object, java.lang.Object, java.lang.Object, java.lang.Object, java.lang.Object, java.lang.Object, java.lang.Object)'> (0x00000000875b9108) 
thrown [s\src\hotspot\share\interpreter\linkResolver.cpp, line 771]
Event: 21.995 Thread 0x000002ce71443c20 Exception <a 'java/lang/IncompatibleClassChangeError'{0x0000000086aed510}: Found class java.lang.Object, but interface was expected> (0x0000000086aed510) 
thrown [s\src\hotspot\share\interpreter\linkResolver.cpp, line 838]

VM Operations (20 events):
Event: 17.424 Executing VM operation: HandshakeAllThreads done
Event: 17.506 Executing VM operation: HandshakeAllThreads
Event: 17.506 Executing VM operation: HandshakeAllThreads done
Event: 18.507 Executing VM operation: Cleanup
Event: 18.507 Executing VM operation: Cleanup done
Event: 19.505 Executing VM operation: G1CollectForAllocation
Event: 19.513 Executing VM operation: G1CollectForAllocation done
Event: 19.559 Executing VM operation: G1CollectForAllocation
Event: 19.564 Executing VM operation: G1CollectForAllocation done
Event: 19.581 Executing VM operation: HandshakeAllThreads
Event: 19.581 Executing VM operation: HandshakeAllThreads done
Event: 19.715 Executing VM operation: HandshakeAllThreads
Event: 19.715 Executing VM operation: HandshakeAllThreads done
Event: 20.252 Executing VM operation: HandshakeAllThreads
Event: 20.252 Executing VM operation: HandshakeAllThreads done
Event: 21.252 Executing VM operation: Cleanup
Event: 21.252 Executing VM operation: Cleanup done
Event: 22.252 Executing VM operation: Cleanup
Event: 23.045 Executing VM operation: Cleanup done
Event: 23.085 Executing VM operation: G1CollectForAllocation

Events (20 events):
Event: 19.765 loading class java/lang/invoke/SerializedLambda
Event: 19.766 loading class java/lang/invoke/SerializedLambda done
Event: 19.773 loading class sun/management/NotificationEmitterSupport$ListenerInfo
Event: 19.774 loading class sun/management/NotificationEmitterSupport$ListenerInfo done
Event: 19.783 loading class com/sun/management/UnixOperatingSystemMXBean
Event: 19.783 loading class com/sun/management/UnixOperatingSystemMXBean done
Event: 19.805 loading class java/util/concurrent/ThreadPerTaskExecutor
Event: 19.805 loading class java/util/concurrent/ThreadPerTaskExecutor done
Event: 19.931 loading class javax/net/ssl/HostnameVerifier
Event: 19.931 loading class javax/net/ssl/HostnameVerifier done
Event: 20.168 loading class javax/naming/Name
Event: 20.169 loading class javax/naming/Name done
Event: 20.245 Thread 0x000002ce0b169130 Thread added: 0x000002ce0b169130
Event: 20.249 loading class sun/reflect/annotation/AnnotatedTypeFactory$AnnotatedParameterizedTypeImpl
Event: 20.251 loading class sun/reflect/annotation/AnnotatedTypeFactory$AnnotatedParameterizedTypeImpl done
Event: 20.971 Thread 0x000002ce051416d0 Thread added: 0x000002ce051416d0
Event: 23.060 loading class java/util/concurrent/Executors$DelegatedScheduledExecutorService
Event: 23.064 loading class java/util/concurrent/Executors$DelegatedExecutorService
Event: 23.064 loading class java/util/concurrent/Executors$DelegatedExecutorService done
Event: 23.064 loading class java/util/concurrent/Executors$DelegatedScheduledExecutorService done


Dynamic libraries:
0x00007ff642350000 - 0x00007ff64235a000 	C:\Users\khali\.jdks\jbr-17.0.9\bin\java.exe
0x00007ffc5cf60000 - 0x00007ffc5d1c8000 	C:\WINDOWS\SYSTEM32\ntdll.dll
0x00007ffc5cdd0000 - 0x00007ffc5ce99000 	C:\WINDOWS\System32\KERNEL32.DLL
0x00007ffc5a6e0000 - 0x00007ffc5aad8000 	C:\WINDOWS\System32\KERNELBASE.dll
0x00007ffc5a230000 - 0x00007ffc5a37b000 	C:\WINDOWS\System32\ucrtbase.dll
0x00007ffc401e0000 - 0x00007ffc401fb000 	C:\Users\khali\.jdks\jbr-17.0.9\bin\VCRUNTIME140.dll
0x00007ffc446f0000 - 0x00007ffc44707000 	C:\Users\khali\.jdks\jbr-17.0.9\bin\jli.dll
0x00007ffc5ad00000 - 0x00007ffc5aec7000 	C:\WINDOWS\System32\USER32.dll
0x00007ffc45a70000 - 0x00007ffc45d04000 	C:\WINDOWS\WinSxS\amd64_microsoft.windows.common-controls_6595b64144ccf1df_6.0.26100.7019_none_3e06ffa0e335b8a8\COMCTL32.dll
0x00007ffc5c930000 - 0x00007ffc5c9d9000 	C:\WINDOWS\System32\msvcrt.dll
0x00007ffc5a440000 - 0x00007ffc5a467000 	C:\WINDOWS\System32\win32u.dll
0x00007ffc5cea0000 - 0x00007ffc5cecb000 	C:\WINDOWS\System32\GDI32.dll
0x00007ffc5a470000 - 0x00007ffc5a59c000 	C:\WINDOWS\System32\gdi32full.dll
0x00007ffc5a630000 - 0x00007ffc5a6d3000 	C:\WINDOWS\System32\msvcp_win.dll
0x00007ffc5c9f0000 - 0x00007ffc5ca21000 	C:\WINDOWS\System32\IMM32.DLL
0x00007ffc4d0f0000 - 0x00007ffc4d0fc000 	C:\Users\khali\.jdks\jbr-17.0.9\bin\vcruntime140_1.dll
0x00007ffc3f8e0000 - 0x00007ffc3f96d000 	C:\Users\khali\.jdks\jbr-17.0.9\bin\msvcp140.dll
0x00007ffbc5c20000 - 0x00007ffbc68a2000 	C:\Users\khali\.jdks\jbr-17.0.9\bin\server\jvm.dll
0x00007ffc5cd00000 - 0x00007ffc5cdb4000 	C:\WINDOWS\System32\ADVAPI32.dll
0x00007ffc5ba30000 - 0x00007ffc5bad6000 	C:\WINDOWS\System32\sechost.dll
0x00007ffc5aed0000 - 0x00007ffc5afe8000 	C:\WINDOWS\System32\RPCRT4.dll
0x00007ffc43df0000 - 0x00007ffc43dfa000 	C:\WINDOWS\SYSTEM32\WSOCK32.dll
0x00007ffc5cc60000 - 0x00007ffc5ccd4000 	C:\WINDOWS\System32\WS2_32.dll
0x00007ffc49c60000 - 0x00007ffc49c95000 	C:\WINDOWS\SYSTEM32\WINMM.dll
0x00007ffc50b40000 - 0x00007ffc50b4b000 	C:\WINDOWS\SYSTEM32\VERSION.dll
0x00007ffc59f10000 - 0x00007ffc59f6e000 	C:\WINDOWS\SYSTEM32\POWRPROF.dll
0x00007ffc59ef0000 - 0x00007ffc59f04000 	C:\WINDOWS\SYSTEM32\UMPDC.dll
0x00007ffc58e40000 - 0x00007ffc58e5b000 	C:\WINDOWS\SYSTEM32\kernel.appcore.dll
0x00007ffc446e0000 - 0x00007ffc446ea000 	C:\Users\khali\.jdks\jbr-17.0.9\bin\jimage.dll
0x00007ffc577f0000 - 0x00007ffc57a32000 	C:\WINDOWS\SYSTEM32\DBGHELP.DLL
0x00007ffc5bfd0000 - 0x00007ffc5c35b000 	C:\WINDOWS\System32\combase.dll
0x00007ffc5c7f0000 - 0x00007ffc5c8c7000 	C:\WINDOWS\System32\OLEAUT32.dll
0x00007ffc441a0000 - 0x00007ffc441dc000 	C:\WINDOWS\SYSTEM32\dbgcore.DLL
0x00007ffc5ac50000 - 0x00007ffc5acf5000 	C:\WINDOWS\System32\bcryptPrimitives.dll
0x00007ffc3fa20000 - 0x00007ffc3fa2e000 	C:\Users\khali\.jdks\jbr-17.0.9\bin\instrument.dll
0x00007ffc401b0000 - 0x00007ffc401d5000 	C:\Users\khali\.jdks\jbr-17.0.9\bin\java.dll
0x00007ffc40190000 - 0x00007ffc401a8000 	C:\Users\khali\.jdks\jbr-17.0.9\bin\zip.dll
0x00007ffc1ccb0000 - 0x00007ffc1cd87000 	C:\Users\khali\.jdks\jbr-17.0.9\bin\jsvml.dll
0x00007ffc5b2d0000 - 0x00007ffc5ba21000 	C:\WINDOWS\System32\SHELL32.dll
0x00007ffc5aae0000 - 0x00007ffc5ac4b000 	C:\WINDOWS\System32\wintypes.dll
0x00007ffc57cb0000 - 0x00007ffc5850d000 	C:\WINDOWS\SYSTEM32\windows.storage.dll
0x00007ffc5bed0000 - 0x00007ffc5bfc2000 	C:\WINDOWS\System32\SHCORE.dll
0x00007ffc5b1e0000 - 0x00007ffc5b247000 	C:\WINDOWS\System32\shlwapi.dll
0x00007ffc59fd0000 - 0x00007ffc59ff9000 	C:\WINDOWS\SYSTEM32\profapi.dll
0x00007ffc400b0000 - 0x00007ffc400c9000 	C:\Users\khali\.jdks\jbr-17.0.9\bin\net.dll
0x00007ffc50480000 - 0x00007ffc505a8000 	C:\WINDOWS\SYSTEM32\WINHTTP.dll
0x00007ffc593c0000 - 0x00007ffc5942b000 	C:\WINDOWS\system32\mswsock.dll
0x00007ffc3fa40000 - 0x00007ffc3fa56000 	C:\Users\khali\.jdks\jbr-17.0.9\bin\nio.dll
0x00007ffc3fa00000 - 0x00007ffc3fa1a000 	C:\Program Files\JetBrains\IntelliJ IDEA 2023.3.3\bin\breakgen64.dll
0x00007ffc588b0000 - 0x00007ffc589dc000 	C:\WINDOWS\SYSTEM32\DNSAPI.dll
0x00007ffc58820000 - 0x00007ffc58854000 	C:\WINDOWS\SYSTEM32\IPHLPAPI.DLL
0x00007ffc5cdc0000 - 0x00007ffc5cdca000 	C:\WINDOWS\System32\NSI.dll
0x00007ffc4bf50000 - 0x00007ffc4bf5b000 	C:\Windows\System32\rasadhlp.dll
0x00007ffc4d4c0000 - 0x00007ffc4d546000 	C:\WINDOWS\System32\fwpuclnt.dll
0x00007ffc53220000 - 0x00007ffc53229000 	C:\Users\khali\.jdks\jbr-17.0.9\bin\management.dll
0x00007ffc53210000 - 0x00007ffc5321b000 	C:\Users\khali\.jdks\jbr-17.0.9\bin\management_ext.dll
0x00007ffc5c9e0000 - 0x00007ffc5c9e8000 	C:\WINDOWS\System32\PSAPI.DLL
0x00007ffc596a0000 - 0x00007ffc596bb000 	C:\WINDOWS\SYSTEM32\CRYPTSP.dll
0x00007ffc58d90000 - 0x00007ffc58dca000 	C:\WINDOWS\system32\rsaenh.dll
0x00007ffc59470000 - 0x00007ffc5949b000 	C:\WINDOWS\SYSTEM32\USERENV.dll
0x00007ffc59fa0000 - 0x00007ffc59fca000 	C:\WINDOWS\SYSTEM32\bcrypt.dll
0x00007ffc596c0000 - 0x00007ffc596cc000 	C:\WINDOWS\SYSTEM32\CRYPTBASE.dll
0x00007ffc50690000 - 0x00007ffc506ae000 	C:\WINDOWS\SYSTEM32\dhcpcsvc6.DLL
0x00007ffc50b50000 - 0x00007ffc50b73000 	C:\WINDOWS\SYSTEM32\dhcpcsvc.DLL
0x00007ffc441e0000 - 0x00007ffc441f8000 	C:\WINDOWS\system32\napinsp.dll
0x00007ffc44180000 - 0x00007ffc44192000 	C:\WINDOWS\System32\winrnr.dll
0x00007ffc44150000 - 0x00007ffc44172000 	C:\WINDOWS\system32\nlansp_c.dll
0x00007ffc44130000 - 0x00007ffc44146000 	C:\WINDOWS\system32\wshbth.dll
0x00007ffc3fa30000 - 0x00007ffc3fa3e000 	C:\Users\khali\.jdks\jbr-17.0.9\bin\sunmscapi.dll
0x00007ffc5a0b0000 - 0x00007ffc5a227000 	C:\WINDOWS\System32\CRYPT32.dll
0x00007ffc598c0000 - 0x00007ffc598f0000 	C:\WINDOWS\SYSTEM32\ncrypt.dll
0x00007ffc59870000 - 0x00007ffc598af000 	C:\WINDOWS\SYSTEM32\NTASN1.dll

dbghelp: loaded successfully - version: 4.0.5 - missing functions: none
symbol engine: initialized successfully - sym options: 0x614 - pdb path: .;C:\Users\khali\.jdks\jbr-17.0.9\bin;C:\WINDOWS\SYSTEM32;C:\WINDOWS\WinSxS\amd64_microsoft.windows.common-controls_6595b64144ccf1df_6.0.26100.7019_none_3e06ffa0e335b8a8;C:\Users\khali\.jdks\jbr-17.0.9\bin\server;C:\Program Files\JetBrains\IntelliJ IDEA 2023.3.3\bin

VM Arguments:
jvm_args: -XX:TieredStopAtLevel=1 -Dspring.output.ansi.enabled=always -Dcom.sun.management.jmxremote -Dspring.jmx.enabled=true -Dspring.liveBeansView.mbeanDomain -Dspring.application.admin.enabled=true -Dmanagement.endpoints.jmx.exposure.include=* -javaagent:C:\Program Files\JetBrains\IntelliJ IDEA 2023.3.3\lib\idea_rt.jar=52042:C:\Program Files\JetBrains\IntelliJ IDEA 2023.3.3\bin -Dfile.encoding=UTF-8 
java_command: tn.esprit.menu_plat.MenuPlatApplication
java_class_path (initial): C:\Users\khali\IdeaProjects\Micro-serv\FoodJoyMaster\islem\FoodJoy\Menu_PlatMS\target\classes;C:\Users\khali\.m2\repository\org\springframework\boot\spring-boot-starter-actuator\3.5.7\spring-boot-starter-actuator-3.5.7.jar;C:\Users\khali\.m2\repository\org\springframework\boot\spring-boot-starter\3.5.7\spring-boot-starter-3.5.7.jar;C:\Users\khali\.m2\repository\org\springframework\boot\spring-boot\3.5.7\spring-boot-3.5.7.jar;C:\Users\khali\.m2\repository\org\springframework\boot\spring-boot-autoconfigure\3.5.7\spring-boot-autoconfigure-3.5.7.jar;C:\Users\khali\.m2\repository\org\springframework\boot\spring-boot-starter-logging\3.5.7\spring-boot-starter-logging-3.5.7.jar;C:\Users\khali\.m2\repository\ch\qos\logback\logback-classic\1.5.20\logback-classic-1.5.20.jar;C:\Users\khali\.m2\repository\ch\qos\logback\logback-core\1.5.20\logback-core-1.5.20.jar;C:\Users\khali\.m2\repository\org\apache\logging\log4j\log4j-to-slf4j\2.24.3\log4j-to-slf4j-2.24.3.jar;C:\Users\khali\.m2\repository\org\apache\logging\log4j\log4j-api\2.24.3\log4j-api-2.24.3.jar;C:\Users\khali\.m2\repository\org\slf4j\jul-to-slf4j\2.0.17\jul-to-slf4j-2.0.17.jar;C:\Users\khali\.m2\repository\jakarta\annotation\jakarta.annotation-api\2.1.1\jakarta.annotation-api-2.1.1.jar;C:\Users\khali\.m2\repository\org\yaml\snakeyaml\2.4\snakeyaml-2.4.jar;C:\Users\khali\.m2\repository\org\springframework\boot\spring-boot-actuator-autoconfigure\3.5.7\spring-boot-actuator-autoconfigure-3.5.7.jar;C:\Users\khali\.m2\repository\org\springframework\boot\spring-boot-actuator\3.5.7\spring-boot-actuator-3.5.7.jar;C:\Users\khali\.m2\repository\com\fasterxml\jackson\datatype\jackson-datatype-jsr310\2.19.2\jackson-datatype-jsr310-2.19.2.jar;C:\Users\khali\.m2\repository\io\micrometer\micrometer-observation\1.15.5\micrometer-observation-1.15.5.jar;C:\Users\khali\.m2\repository\io\micrometer\micrometer-commons\1.15.5\micrometer-commons-1.15.5.jar;C:\Users\khali\.m2\repository\io\micrometer\micrometer-ja
Launcher Type: SUN_STANDARD

[Global flags]
     intx CICompilerCount                          = 4                                         {product} {ergonomic}
     uint ConcGCThreads                            = 2                                         {product} {ergonomic}
     uint G1ConcRefinementThreads                  = 8                                         {product} {ergonomic}
   size_t G1HeapRegionSize                         = 1048576                                   {product} {ergonomic}
    uintx GCDrainStackTargetSize                   = 64                                        {product} {ergonomic}
   size_t InitialHeapSize                          = 132120576                                 {product} {ergonomic}
     bool ManagementServer                         = true                                      {product} {command line}
   size_t MarkStackSize                            = 4194304                                   {product} {ergonomic}
   size_t MaxHeapSize                              = 2109734912                                {product} {ergonomic}
   size_t MaxNewSize                               = 1265631232                                {product} {ergonomic}
   size_t MinHeapDeltaBytes                        = 1048576                                   {product} {ergonomic}
   size_t MinHeapSize                              = 8388608                                   {product} {ergonomic}
    uintx NonProfiledCodeHeapSize                  = 0                                      {pd product} {ergonomic}
     bool ProfileInterpreter                       = false                                  {pd product} {command line}
    uintx ProfiledCodeHeapSize                     = 0                                      {pd product} {ergonomic}
   size_t SoftMaxHeapSize                          = 2109734912                             {manageable} {ergonomic}
     intx TieredStopAtLevel                        = 1                                         {product} {command line}
     bool UseCompressedClassPointers               = true                           {product lp64_product} {ergonomic}
     bool UseCompressedOops                        = true                           {product lp64_product} {ergonomic}
     bool UseG1GC                                  = true                                      {product} {ergonomic}
     bool UseLargePagesIndividualAllocation        = false                                  {pd product} {ergonomic}

Logging:
Log output configuration:
 #0: stdout all=warning uptime,level,tags
 #1: stderr all=off uptime,level,tags

Environment Variables:
JAVA_HOME=C:\Program Files\Java\jdk-17
PATH=C:\Users\khali\AppData\Local\Programs\Python\Python313\Scripts\;C:\Users\khali\AppData\Local\Programs\Python\Python313\;C:\Program Files (x86)\VMware\VMware Workstation\bin\;C:\Program Files\Common Files\Oracle\Java\javapath;C:\oraclexe\app\oracle\product\11.2.0\server\bin;C:\Windows\system32;C:\Windows;C:\Windows\System32\Wbem;C:\Windows\System32\WindowsPowerShell\v1.0\;C:\Windows\System32\OpenSSH\;C:\Program Files (x86)\NVIDIA Corporation\PhysX\Common;C:\Program Files\NVIDIA Corporation\NVIDIA NvDLISR;C:\WINDOWS\system32;C:\WINDOWS;C:\WINDOWS\System32\Wbem;C:\WINDOWS\System32\WindowsPowerShell\v1.0\;C:\WINDOWS\System32\OpenSSH\;C:\Program Files\dotnet\;C:\Program Files\Git\cmd;C:\Program Files\Git\mingw64\bin;C:\Program Files\Git\usr\bin;C:\Program Files\Java\jdk-17\bin;C:\Program Files (x86)\Apache\Maven\apache-maven-3.9.9\bin;C:\Program Files\PHP;C:\Program Files\Microsoft SQL Server\150\Tools\Binn\;C:\Program Files\Microsoft SQL Server\Client SDK\ODBC\170\Tools\Binn\;C:\Program Files\nodejs\;C:\ProgramData\chocolatey\bin;C:\Program Files\cursor\resources\app\bin;C:\Program Files\Docker\Docker\resources\bin;C:\Users\khali\AppData\Local\Programs\Python\Launcher\;C:\Users\khali\scoop\shims;C:\Users\khali\AppData\Local\Microsoft\WindowsApps;C:\Users\khali\AppData\Local\Programs\Microsoft VS Code\bin;C:\Program Files\PHP;C:\Users\khali\AppData\Roaming\Composer\vendor\bin;C:\Users\khali\AppData\Local\GitHubDesktop\bin;C:\Users\khali\.dotnet\tools;C:\Users\khali\AppData\Roaming\npm
USERNAME=khali
OS=Windows_NT
PROCESSOR_IDENTIFIER=Intel64 Family 6 Model 158 Stepping 10, GenuineIntel
TMP=C:\Users\khali\AppData\Local\Temp
TEMP=C:\Users\khali\AppData\Local\Temp



Periodic native trim disabled

JNI global refs:
JNI global refs: 17, weak refs: 0

JNI global refs memory usage: 843, weak refs: 841

OOME stack traces (most recent first):
Classloader memory used:
Loader jdk.internal.loader.ClassLoaders$AppClassLoader                                 : 8743K
Loader bootstrap                                                                       : 2729K
Loader jdk.internal.loader.ClassLoaders$PlatformClassLoader                            : 82198B
Loader jdk.internal.reflect.DelegatingClassLoader                                      : 34592B
Loader net.bytebuddy.utility.dispatcher.JavaDispatcher$DynamicClassLoader              : 231B


---------------  S Y S T E M  ---------------

OS:
 Windows 11 , 64 bit Build 26100 (10.0.26100.7019)
OS uptime: 4 days 5:56 hours
Hyper-V role detected

CPU: total 8 (initial active 8) (4 cores per cpu, 2 threads per core) family 6 model 158 stepping 10 microcode 0xde, cx8, cmov, fxsr, ht, mmx, 3dnowpref, sse, sse2, sse3, ssse3, sse4.1, sse4.2, popcnt, lzcnt, tsc, tscinvbit, avx, avx2, aes, erms, clmul, bmi1, bmi2, adx, fma, vzeroupper, clflush, clflushopt, hv
Processor Information for all 8 processors :
  Max Mhz: 2400, Current Mhz: 2400, Mhz Limit: 2400

Memory: 4k page, system-wide physical 8043M (945M free)
TotalPageFile size 32619M (AvailPageFile size 0M)
current process WorkingSet (physical memory assigned to process): 222M, peak: 250M
current process commit charge ("private bytes"): 306M, peak: 324M

vm_info: OpenJDK 64-Bit Server VM (17.0.9+8-b1166.2) for windows-amd64 JRE (17.0.9+8-b1166.2), built on 2024-01-13 by "builduser" with MS VC++ 16.10 / 16.11 (VS2019)

END.
